// Jest Snapshot v1, https://goo.gl/fbAQLP

exports[`Test in <AppRouter /> should show correctly 1`] = `
<div>
  <nav
    className="navbar navbar-expand-lg navbar-light bg-light"
  >
    <div
      className="container-fluid"
    >
      <a
        className="navbar-brand"
        href="/"
        onClick={[Function]}
      >
        useContex
      </a>
      <button
        aria-controls="navbarNavAltMarkup"
        aria-expanded={false}
        aria-label="Toggle navigation"
        className="navbar-toggler"
        data-bs-target="#navbarNavAltMarkup"
        data-bs-toggle="collapse"
        onClick={[Function]}
        type="button"
      >
        <span
          className="navbar-toggler-icon"
        />
      </button>
      <div
        className="collapse navbar-collapse"
        id="navbarNav"
      >
        <ul
          className="navbar-nav"
        >
          <a
            activeclassname="active"
            aria-current="page"
            className="nav-link active"
            href="/"
            onClick={[Function]}
          >
            Home
          </a>
          <a
            activeclassname="active"
            className="nav-link"
            href="/about"
            onClick={[Function]}
          >
            About
          </a>
          <a
            activeclassname="active"
            className="nav-link"
            href="/login"
            onClick={[Function]}
          >
            Login
          </a>
        </ul>
      </div>
    </div>
  </nav>
  <div
    className="container"
  >
    <div>
      <h1>
        HomeScreen
      </h1>
      <hr />
      <pre>
        {
   "id": 1,
   "name": "Juan"
}
      </pre>
    </div>
  </div>
</div>
`;
