// Jest Snapshot v1, https://goo.gl/fbAQLP

exports[`Test in <TodoList /> should show correctly 1`] = `
<ul>
  <TodoListItem
    handleDelete={[MockFunction]}
    handleToggle={[MockFunction]}
    index={0}
    key="1"
    todo={
      Object {
        "desc": "Aprender React",
        "done": false,
        "id": 1,
      }
    }
  />
  <TodoListItem
    handleDelete={[MockFunction]}
    handleToggle={[MockFunction]}
    index={1}
    key="2"
    todo={
      Object {
        "desc": "Aprender Node",
        "done": false,
        "id": 2,
      }
    }
  />
</ul>
`;
